2016-12-05 20:33:14.588928+01:00
===============
Quantum Package
===============

Git Commit: Update README
Git Date  : Fri Dec 2 16:42:03 2016 +0100
Git SHA1  : 42967fb46a855bf099fcf9f7237c6ddc5437e3b7


Task server running : tcp://172.20.0.253:41279
--------------------------------------------------------------------------------
* Dimension of the psi arrays                               300000
* Number of determinants                                    300000
* mo_tot_num                                                   126
 AO map initialized :               47341315
 Providing the AO integrals
--------------------------------------------------------------------------------
 
.. >>>>> [ WALL TIME:        2.746800 s ] [ CPU  TIME:       17.943271 s ] <<<<< ..
 

Nuclear Coordinates (Angstroms)
===============================

================ ============ ============ ============ ============
      Atom          Charge          X            Y            Z 
================ ============ ============ ============ ============
Fe                  26.000000     0.000000     0.000000     0.000000
O                    8.000000     0.901490     0.901490    -0.901490
O                    8.000000     0.901490    -0.901490     0.901490
O                    8.000000    -0.901490     0.901490     0.901490
O                    8.000000    -0.901490    -0.901490    -0.901490
================ ============ ============ ============ ============

 0.01 %  in             745.725ms, ~            2.01553h left
 5.44 %  in              2.75662s, ~            47.9517s left
10.95 %  in              4.77097s, ~            38.7809s left
17.10 %  in              6.77191s, ~            32.8299s left
24.37 %  in                8.773s, ~            27.2329s left
28.01 %  in              10.7831s, ~            27.7093s left
35.19 %  in              12.7868s, ~            23.5533s left
43.00 %  in              14.7878s, ~            19.6051s left
52.39 %  in              16.7983s, ~            15.2661s left
59.50 %  in              18.7996s, ~            12.7961s left
71.31 %  in               20.803s, ~            8.37039s left
84.50 %  in              22.8066s, ~            4.18246s left
 Sorting the map
 AO integrals provided:
  Size of AO map :            553.4449     MB
  Number of AO integrals :              44442198
  cpu  time :   482.408663000000      s
  wall time :   25.1483000000007      s  ( x    19.1825556001792       )
 MO map initialized
 i
 |++++++++++++++++++++++++++++++++++++++++++++++++++++++++++++++++++++++++++++++
 ++++++++++++++++++++++++++++++++++++++++++++++++--|
 j
 |++++++++++++++++++++++++++++++++++++++++++++++++++++++++++++++++++++++++++++++
 ++++++++++++++++++++++++++++++++++++++++++++++++--|
 k
 |++++++++++++++++++++++++++++++++++++++++++++++++++++++++++++++++++++++++++++++
 ++++++++++++++++++++++++++++++++++++++++++++++++--|
 l
 |++++++++++++++++++++++++++++++++++++++++++++++++++++++++++++++++++++++++++++++
 ++++++++++++++++++++++++++++++++++++++++++++++++--|
 Providing the molecular integrals 
 Buffers :    77.24534     MB / core
   7.194244     % in    8.07669999999780      s   351.5953     MB
   7.913669     % in    13.5124999999971      s   351.5957     MB
   8.633094     % in    18.8217999999979      s   351.5959     MB
   60.43166     % in    23.8370999999970      s   351.5959     MB
   75.53957     % in    28.8621999999959      s   351.5959     MB
   92.08633     % in    33.5652999999947      s   351.5959     MB
 Molecular integrals provided:
  Size of MO map              351.5959     MB
  Number of MO integrals:               32012001
  cpu  time :   671.509915000000      s
  wall time :   35.3126999999949      s  ( x    19.0161022804854      )
 Providing the mono electronic integrals
 
.. >>>>> [ WALL TIME:       65.370900 s ] [ CPU  TIME:     1219.279641 s ] <<<<< ..
 
* Nuclear repulsion energy                           361.6641604547530    
 
.. >>>>> [ WALL TIME:       65.389900 s ] [ CPU  TIME:     1219.642585 s ] <<<<< ..
 

Davidson Diagonalization
------------------------

* Number of states                                               1
* Number of states in diagonalization                           32
* Number of determinants                                    300000

===== ================ =========== ===========
 Iter      Energy          S^2      Residual
===== ================ =========== ===========
   1  -1561.7313881939    0.023628   0.855E-04
===== ================ =========== ===========

 
.. >>>>> [ WALL TIME:      128.860300 s ] [ CPU  TIME:     2412.023316 s ] <<<<< ..
 
 
.. >>>>> [ WALL TIME:      129.129300 s ] [ CPU  TIME:     2417.406497 s ] <<<<< ..
 
* Energy of state    1                              -1561.731388193904    
* S^2 of state    1                                 0.2362763548110884E-01
 Beginning the selection ...
 N_det          =       300000
 N_states       =            1
 State            1
 PT2            =    1.00000000000000     
 E              =   -1561.73138819390     
 E(before)+PT2  =   -1560.73138819390     
 -----
 
.. >>>>> [ WALL TIME:      129.190300 s ] [ CPU  TIME:     2418.604315 s ] <<<<< ..
 
* Number of generators                                        3674
 
.. >>>>> [ WALL TIME:      129.220400 s ] [ CPU  TIME:     2419.189226 s ] <<<<< ..
 

Davidson Diagonalization
------------------------

* Number of states                                               1
* Number of states in diagonalization                           32
* Number of determinants                                    300000

===== ================ =========== ===========
 Iter      Energy          S^2      Residual
===== ================ =========== ===========
   1  -1561.7313881944    0.023628   0.864E-04
===== ================ =========== ===========

 
.. >>>>> [ WALL TIME:      186.230300 s ] [ CPU  TIME:     3482.973507 s ] <<<<< ..
 
* PT2 Energy denominator                            -1561.731388194420    
 
.. >>>>> [ WALL TIME:      186.405300 s ] [ CPU  TIME:     3486.473974 s ] <<<<< ..
 
* Number of selectors                                         3674
 0.03 %  in              6.87409s, ~            7.01539h left
 0.14 %  in              8.91932s, ~            1.81855h left
 0.22 %  in              10.9769s, ~            1.39765h left
 0.35 %  in              14.3735s, ~            1.12469h left
 0.44 %  in              16.6554s, ~            1.05802h left
 0.63 %  in               19.457s, ~            51.4905m left
 0.76 %  in              21.4831s, ~            46.6362m left
 0.87 %  in              23.5817s, ~            44.7438m left
 1.01 %  in              25.9504s, ~            42.5259m left
 1.12 %  in              27.9665s, ~            41.3132m left
 1.28 %  in              30.1061s, ~            38.7322m left
 1.44 %  in              32.5852s, ~            37.1144m left
 1.61 %  in              34.6691s, ~            35.4134m left
 1.85 %  in              36.6766s, ~            32.4246m left
 1.93 %  in              38.9859s, ~            32.9825m left
 2.20 %  in              41.0205s, ~            30.3349m left
 2.39 %  in              43.4814s, ~            29.5394m left
 2.53 %  in              45.8269s, ~            29.4179m left
 2.75 %  in               47.872s, ~            28.2334m left
 3.02 %  in              50.5859s, ~            27.0703m left
 3.16 %  in              52.6348s, ~            26.9148m left
 3.48 %  in              54.6384s, ~            25.2347m left
 3.65 %  in              57.4975s, ~            25.3232m left
 3.97 %  in              59.8091s, ~            24.0943m left
 4.24 %  in              1.03267m, ~            23.2947m left
 4.38 %  in              1.06612m, ~            23.2692m left
 4.60 %  in              1.10294m, ~            22.8811m left
 4.76 %  in              1.13776m, ~            22.7553m left
 5.01 %  in              1.17129m, ~            22.2227m left
 5.20 %  in              1.21159m, ~            22.1004m left
 5.39 %  in              1.24987m, ~            21.9486m left
 5.66 %  in               1.2838m, ~            21.3988m left
 5.85 %  in              1.33461m, ~            21.4779m left
 6.07 %  in              1.36843m, ~             21.183m left
 6.42 %  in               1.4029m, ~            20.4431m left
 6.53 %  in              1.43823m, ~            20.5846m left
 6.80 %  in              1.47592m, ~            20.2201m left
 7.10 %  in              1.50972m, ~            19.7478m left
 7.35 %  in              1.54322m, ~            19.4617m left
 7.48 %  in              1.59164m, ~            19.6785m left
 7.73 %  in              1.62742m, ~            19.4317m left
 8.08 %  in              1.66756m, ~            18.9664m left
 8.27 %  in              1.70135m, ~             18.866m left
 8.52 %  in              1.73499m, ~            18.6359m left
 8.76 %  in              1.77303m, ~            18.4627m left
 8.95 %  in              1.80926m, ~            18.4006m left
 9.14 %  in              1.85295m, ~            18.4137m left
 9.50 %  in              1.88665m, ~            17.9799m left
 9.69 %  in              1.92302m, ~            17.9283m left
 9.96 %  in              1.95658m, ~            17.6894m left
10.20 %  in               1.9901m, ~            17.5129m left
10.39 %  in               2.0277m, ~            17.4796m left
10.67 %  in               2.0618m, ~            17.2675m left
10.99 %  in              2.09627m, ~            16.9725m left
11.21 %  in              2.13685m, ~            16.9236m left
11.56 %  in               2.1721m, ~            16.6102m left
11.70 %  in              2.20737m, ~             16.658m left
12.05 %  in              2.24082m, ~            16.3483m left
12.33 %  in              2.27658m, ~            16.1923m left
12.63 %  in              2.31701m, ~            16.0343m left
12.82 %  in              2.35133m, ~             15.995m left
13.22 %  in                2.395m, ~            15.7154m left
13.47 %  in              2.42847m, ~            15.6011m left
13.80 %  in                2.468m, ~            15.4213m left
14.10 %  in              2.50138m, ~            15.2449m left
14.39 %  in              2.53563m, ~            15.0796m left
14.59 %  in              2.57087m, ~            15.0559m left
14.99 %  in              2.60926m, ~            14.7937m left
15.29 %  in              2.64337m, ~             14.642m left
15.56 %  in              2.68023m, ~            14.5398m left
15.89 %  in              2.71444m, ~             14.367m left
16.14 %  in              2.75149m, ~            14.3003m left
16.49 %  in              2.78933m, ~            14.1262m left
16.76 %  in              2.82425m, ~             14.025m left
17.14 %  in              2.85775m, ~            13.8125m left
17.44 %  in               2.8925m, ~            13.6909m left
17.71 %  in              2.92636m, ~            13.5934m left
17.99 %  in              2.96557m, ~            13.5223m left
18.37 %  in              3.00176m, ~            13.3411m left
18.69 %  in              3.03676m, ~            13.2079m left
19.02 %  in              3.07099m, ~            13.0748m left
19.29 %  in              3.10637m, ~            12.9951m left
19.67 %  in              3.13994m, ~            12.8204m left
19.92 %  in              3.17352m, ~            12.7591m left
20.16 %  in              3.20715m, ~            12.6987m left
20.54 %  in              3.24207m, ~            12.5389m left
20.84 %  in              3.27599m, ~            12.4411m left
21.12 %  in              3.31118m, ~              12.37m left
21.52 %  in               3.3454m, ~            12.1974m left
21.90 %  in              3.37899m, ~            12.0468m left
22.07 %  in              3.41265m, ~            12.0516m left
22.48 %  in              3.44604m, ~            11.8859m left
22.75 %  in              3.48703m, ~            11.8417m left
23.13 %  in              3.52096m, ~             11.702m left
23.48 %  in              3.55826m, ~            11.5942m left
23.81 %  in               3.5993m, ~            11.5178m left
24.22 %  in              3.63893m, ~             11.387m left
24.60 %  in               3.6729m, ~            11.2584m left
24.95 %  in              3.70659m, ~            11.1481m left
25.33 %  in              3.74499m, ~            11.0379m left
25.71 %  in              3.77902m, ~            10.9172m left
26.10 %  in              3.81284m, ~            10.7984m left
26.50 %  in              3.84826m, ~            10.6716m left
26.72 %  in              3.88224m, ~            10.6465m left
27.16 %  in              3.91811m, ~            10.5098m left
27.62 %  in              3.95721m, ~            10.3706m left
27.95 %  in              3.99062m, ~            10.2894m left
28.30 %  in              4.02428m, ~            10.1961m left
28.60 %  in              4.05789m, ~            10.1312m left
28.98 %  in               4.0948m, ~            10.0351m left
29.36 %  in              4.13023m, ~            9.93705m left
29.74 %  in              4.16485m, ~            9.83865m left
30.10 %  in               4.2025m, ~            9.76149m left
30.50 %  in              4.23649m, ~             9.6521m left
30.88 %  in              4.27001m, ~            9.55578m left
31.18 %  in              4.30443m, ~            9.49903m left
31.59 %  in              4.33784m, ~            9.39304m left
31.95 %  in              4.37147m, ~            9.31265m left
32.38 %  in              4.40569m, ~            9.20012m left
32.76 %  in              4.43916m, ~            9.11061m left
33.17 %  in              4.47733m, ~            9.02078m left
33.63 %  in              4.51476m, ~            8.90898m left
34.04 %  in              4.54832m, ~            8.81306m left
34.34 %  in              4.58213m, ~            8.76123m left
34.72 %  in              4.61968m, ~            8.68543m left
35.18 %  in              4.65927m, ~            8.58343m left
35.62 %  in              4.69319m, ~            8.48288m left
35.97 %  in              4.72824m, ~             8.4157m left
36.46 %  in              4.76211m, ~            8.29816m left
36.79 %  in              4.79736m, ~             8.2428m left
37.25 %  in              4.83457m, ~            8.14355m left
37.74 %  in              4.86974m, ~            8.03314m left
38.15 %  in              4.90481m, ~            7.95195m left
38.67 %  in              4.93857m, ~             7.8336m left
39.05 %  in              4.97245m, ~            7.76188m left
39.48 %  in              5.00631m, ~            7.67336m left
39.86 %  in              5.04011m, ~            7.60317m left
40.44 %  in              5.07389m, ~            7.47426m left
40.73 %  in              5.11059m, ~            7.43545m left
41.22 %  in              5.14928m, ~            7.34154m left
41.66 %  in              5.18361m, ~            7.25909m left
42.18 %  in              5.21773m, ~            7.15333m left
42.61 %  in              5.25356m, ~            7.07519m left
43.10 %  in              5.28755m, ~            6.97996m left
43.48 %  in               5.3213m, ~            6.91635m left
44.03 %  in               5.3551m, ~            6.80806m left
44.46 %  in              5.39096m, ~            6.73375m left
44.95 %  in              5.42569m, ~            6.64417m left
45.31 %  in              5.45931m, ~            6.59052m left
45.71 %  in              5.49744m, ~            6.52821m left
46.26 %  in              5.53086m, ~            6.42556m left
46.72 %  in              5.56452m, ~            6.34557m left
47.07 %  in              5.59989m, ~            6.29583m left
47.56 %  in               5.6381m, ~            6.21545m left
48.05 %  in              5.67195m, ~            6.13123m left
48.57 %  in              5.70559m, ~            6.04121m left
49.01 %  in              5.73991m, ~            5.97257m left
49.41 %  in              5.77334m, ~            5.91005m left
49.77 %  in              5.81152m, ~            5.86554m left
50.34 %  in              5.84547m, ~            5.76648m left
50.72 %  in              5.88121m, ~            5.71399m left
51.24 %  in              5.92053m, ~            5.63441m left
51.70 %  in              5.95449m, ~            5.56274m left
52.19 %  in               5.9882m, ~            5.48554m left
52.60 %  in              6.02168m, ~            5.42668m left
53.12 %  in              6.05571m, ~            5.34528m left
53.58 %  in              6.08917m, ~            5.27584m left
54.01 %  in              6.12407m, ~            5.21394m left
54.53 %  in              6.15778m, ~            5.13455m left
55.02 %  in              6.19664m, ~             5.0658m left
55.59 %  in              6.23011m, ~            4.97677m left
55.97 %  in              6.26389m, ~            4.92706m left
56.41 %  in              6.29734m, ~            4.86654m left
56.84 %  in              6.33365m, ~             4.8086m left
57.31 %  in              6.36785m, ~            4.74414m left
57.88 %  in              6.40538m, ~            4.66174m left
58.45 %  in              6.44957m, ~            4.58496m left
58.99 %  in              6.48455m, ~            4.50748m left
59.56 %  in              6.52056m, ~            4.42647m left
60.11 %  in               6.5554m, ~            4.35048m left
60.60 %  in              6.59203m, ~            4.28615m left
61.09 %  in              6.62574m, ~            4.22041m left
61.52 %  in              6.66093m, ~            4.16566m left
62.01 %  in              6.69455m, ~            4.10074m left
62.53 %  in              6.72858m, ~            4.03188m left
62.99 %  in              6.76415m, ~            3.97376m left
63.48 %  in              6.79857m, ~            3.91071m left
64.00 %  in              6.83249m, ~            3.84327m left
64.41 %  in              6.86764m, ~            3.79505m left
64.90 %  in              6.90344m, ~            3.73394m left
65.39 %  in              6.93827m, ~            3.67269m left
65.90 %  in              6.97172m, ~            3.60676m left
66.39 %  in              7.00568m, ~            3.54591m left
66.94 %  in              7.03995m, ~            3.47705m left
67.46 %  in              7.07343m, ~            3.41259m left
68.08 %  in              7.11723m, ~            3.33673m left
68.68 %  in              7.16086m, ~            3.26551m left
69.25 %  in              7.19634m, ~            3.19523m left
69.77 %  in              7.23428m, ~            3.13467m left
70.20 %  in              7.26918m, ~            3.08518m left
70.75 %  in              7.30387m, ~            3.01987m left
71.27 %  in              7.33722m, ~            2.95842m left
71.73 %  in              7.37107m, ~            2.90537m left
72.30 %  in              7.40502m, ~            2.83715m left
72.84 %  in              7.43874m, ~             2.7732m left
73.41 %  in              7.47216m, ~            2.70582m left
73.93 %  in              7.50634m, ~             2.6467m left
74.45 %  in               7.5401m, ~            2.58778m left
74.99 %  in              7.57347m, ~            2.52541m left
75.46 %  in              7.60735m, ~            2.47452m left
75.97 %  in              7.64079m, ~            2.41648m left
76.41 %  in              7.67705m, ~            2.37037m left
77.03 %  in               7.7114m, ~            2.29898m left
77.61 %  in              7.74478m, ~            2.23491m left
78.01 %  in              7.77897m, ~            2.19233m left
78.50 %  in              7.81326m, ~            2.13951m left
79.05 %  in              7.84972m, ~            2.08065m left
79.56 %  in              7.88345m, ~            2.02478m left
80.11 %  in              7.91696m, ~            1.96579m left
80.63 %  in               7.9521m, ~            1.91087m left
81.12 %  in               7.9858m, ~            1.85916m left
81.63 %  in              8.01924m, ~            1.80433m left
82.15 %  in              8.05288m, ~            1.74981m left
82.67 %  in              8.08834m, ~            1.69594m left
83.24 %  in              8.12915m, ~            1.63699m left
83.92 %  in              8.16378m, ~            1.56446m left
84.41 %  in              8.19921m, ~            1.51455m left
84.95 %  in              8.23355m, ~            1.45841m left
85.47 %  in              8.26698m, ~            1.40547m left
85.90 %  in              8.30095m, ~            1.36202m left
86.42 %  in               8.3366m, ~            1.30981m left
86.97 %  in              8.37299m, ~             1.2549m left
87.51 %  in              8.40942m, ~            1.20022m left
88.08 %  in               8.4432m, ~            1.14245m left
88.57 %  in              8.47658m, ~            1.09375m left
89.06 %  in              8.51212m, ~            1.04549m left
89.58 %  in              8.54561m, ~            59.6531s left
90.20 %  in               8.5804m, ~            55.9085s left
90.69 %  in              8.61384m, ~            53.0321s left
91.32 %  in              8.64772m, ~            49.3198s left
91.92 %  in              8.68345m, ~            45.8079s left
92.41 %  in              8.71839m, ~            42.9758s left
93.01 %  in               8.7518m, ~             39.483s left
93.52 %  in              8.78677m, ~            36.5072s left
94.04 %  in              8.82263m, ~            33.5444s left
94.64 %  in              8.85672m, ~            30.0996s left
95.21 %  in              8.89014m, ~            26.8305s left
95.76 %  in              8.92623m, ~            23.7424s left
96.38 %  in               8.9602m, ~             20.187s left
96.98 %  in              8.99561m, ~              16.81s left
97.52 %  in              9.03059m, ~            13.7575s left
98.10 %  in              9.06507m, ~            10.5612s left
98.67 %  in              9.09845m, ~            7.37712s left
99.21 %  in              9.13526m, ~            4.35967s left
99.81 %  in              9.16866m, ~            1.04985s left
 
.. >>>>> [ WALL TIME:      737.591100 s ] [ CPU  TIME:    14491.914894 s ] <<<<< ..
 
* Number of generators                                        3674
 
.. >>>>> [ WALL TIME:      737.711900 s ] [ CPU  TIME:    14494.341524 s ] <<<<< ..
 

Davidson Diagonalization
------------------------

* Number of states                                               1
* Number of states in diagonalization                           32
* Number of determinants                                    600000

===== ================ =========== ===========
 Iter      Energy          S^2      Residual
===== ================ =========== ===========
   1  -1561.7313908306    0.023626   0.136E-01
   2  -1561.7834346524    0.017190   0.211E-02
   3  -1561.7855941943    0.016588   0.380E-03
===== ================ =========== ===========

 
.. >>>>> [ WALL TIME:     1372.591000 s ] [ CPU  TIME:    26862.814230 s ] <<<<< ..
 
 
.. >>>>> [ WALL TIME:     1372.938200 s ] [ CPU  TIME:    26869.764174 s ] <<<<< ..
 
* Energy of state    1                              -1561.785594194267    
* S^2 of state    1                                 0.1658767412964069E-01
