2016-12-01 17:18:36.336513+01:00
===============
Quantum Package
===============

Git Commit: Merge branch 'calmip' of https://github.com/scemama/quantum_package into calmip
Git Date  : Thu Dec 1 11:17:48 2016 +0100
Git SHA1  : 98992b2014ddf4388f08bc3af068ce1613992d75


Task server running : tcp://172.20.100.2:41279
--------------------------------------------------------------------------------
* Dimension of the psi arrays                              1000000
* Number of determinants                                   1000000
* mo_tot_num                                                   126
 AO map initialized :               47341315
 Providing the AO integrals
--------------------------------------------------------------------------------
 
.. >>>>> [ WALL TIME:        5.787700 s ] [ CPU  TIME:       58.787712 s ] <<<<< ..
 

Nuclear Coordinates (Angstroms)
===============================

================ ============ ============ ============ ============
      Atom          Charge          X            Y            Z 
================ ============ ============ ============ ============
Fe                  26.000000     0.000000     0.000000     0.000000
O                    8.000000     0.901490     0.901490    -0.901490
O                    8.000000     0.901490    -0.901490     0.901490
O                    8.000000    -0.901490     0.901490     0.901490
O                    8.000000    -0.901490    -0.901490    -0.901490
================ ============ ============ ============ ============

 0.01 %  in             784.251ms, ~            2.11966h left
14.61 %  in              2.79234s, ~            16.3161s left
27.96 %  in              4.79298s, ~             12.348s left
44.53 %  in              6.79783s, ~            8.46865s left
64.55 %  in              8.79815s, ~            4.83261s left
 Sorting the map
 AO integrals provided:
  Size of AO map :            553.4448     MB
  Number of AO integrals :              44442198
  cpu  time :   371.603787000000      s
  wall time :   12.5320000000065      s  ( x    29.6523928343287       )
 MO map initialized
 i
 |++++++++++++++++++++++++++++++++++++++++++++++++++++++++++++++++++++++++++++++
 ++++++++++++++++++++++++++++++++++++++++++++++++--|
 j
 |++++++++++++++++++++++++++++++++++++++++++++++++++++++++++++++++++++++++++++++
 ++++++++++++++++++++++++++++++++++++++++++++++++--|
 k
 |++++++++++++++++++++++++++++++++++++++++++++++++++++++++++++++++++++++++++++++
 ++++++++++++++++++++++++++++++++++++++++++++++++--|
 l
 |++++++++++++++++++++++++++++++++++++++++++++++++++++++++++++++++++++++++++++++
 ++++++++++++++++++++++++++++++++++++++++++++++++--|
 Providing the molecular integrals 
 Buffers :    77.24534     MB / core
  0.7194245     % in    7.53350000001956      s   351.9436     MB
   62.58993     % in    11.7606000000087      s   376.7330     MB
 Molecular integrals provided:
  Size of MO map              376.7330     MB
  Number of MO integrals:               32012001
  cpu  time :   904.956777000000      s
  wall time :   16.9916000000085      s  ( x    53.2590678334912      )
 Providing the mono electronic integrals
 
.. >>>>> [ WALL TIME:       36.673200 s ] [ CPU  TIME:     1471.206411 s ] <<<<< ..
 
* Nuclear repulsion energy                           361.6641604547530    
 
.. >>>>> [ WALL TIME:       36.676100 s ] [ CPU  TIME:     1471.396326 s ] <<<<< ..
 

Davidson Diagonalization
------------------------

* Number of states                                               1
* Number of states in diagonalization                           20
* Number of determinants                                   1000000

===== ================ =========== ===========
 Iter      Energy          S^2      Residual
===== ================ =========== ===========
   1  -1561.5821416144    0.016669   0.858E-07
===== ================ =========== ===========

 
.. >>>>> [ WALL TIME:       82.413400 s ] [ CPU  TIME:     2966.105291 s ] <<<<< ..
 
 
.. >>>>> [ WALL TIME:       82.442500 s ] [ CPU  TIME:     2966.687846 s ] <<<<< ..
 
* Energy of state    1                              -1561.582141614368    
* S^2 of state    1                                 0.1666877284331407E-01
 Beginning the selection ...
 N_det          =      1000000
 N_states       =            1
 State            1
 PT2            =    1.00000000000000     
 E              =   -1561.58214161437     
 E(before)+PT2  =   -1560.58214161437     
 -----
 
.. >>>>> [ WALL TIME:       82.551000 s ] [ CPU  TIME:     2968.852598 s ] <<<<< ..
 
* Number of generators                                        3569
 
.. >>>>> [ WALL TIME:       82.629300 s ] [ CPU  TIME:     2971.843912 s ] <<<<< ..
 

Davidson Diagonalization
------------------------

* Number of states                                               1
* Number of states in diagonalization                           20
* Number of determinants                                   1000000

===== ================ =========== ===========
 Iter      Energy          S^2      Residual
===== ================ =========== ===========
   1  -1561.5821416144    0.016669   0.858E-07
===== ================ =========== ===========

 
.. >>>>> [ WALL TIME:      126.119200 s ] [ CPU  TIME:     4311.596280 s ] <<<<< ..
 
* PT2 Energy denominator                            -1561.582141614367    
 
.. >>>>> [ WALL TIME:      126.151800 s ] [ CPU  TIME:     4312.245622 s ] <<<<< ..
 
* Number of selectors                                         3569
 0.03 %  in              8.95147s, ~            8.87439h left
 0.56 %  in              10.9613s, ~            32.4272m left
 0.64 %  in              12.9723s, ~            33.3426m left
 0.76 %  in              15.0461s, ~            32.9065m left
 0.95 %  in              17.2181s, ~            29.8447m left
 1.46 %  in              19.2189s, ~            21.6706m left
 1.54 %  in              21.3302s, ~            22.7199m left
 1.88 %  in              23.3609s, ~            20.3565m left
 2.18 %  in              25.3779s, ~            18.9358m left
 2.55 %  in                27.39s, ~            17.4524m left
 2.66 %  in              29.5753s, ~            18.0306m left
 2.94 %  in               31.607s, ~            17.3838m left
 3.45 %  in              33.6362s, ~            15.7106m left
 3.61 %  in              35.8982s, ~            15.9594m left
 4.03 %  in              37.9348s, ~            15.0422m left
 4.37 %  in              39.9846s, ~            14.5841m left
 4.62 %  in              41.9954s, ~            14.4439m left
 5.13 %  in              44.0048s, ~            13.5742m left
 5.52 %  in              46.0421s, ~            13.1387m left
 5.91 %  in              48.1201s, ~            12.7674m left
 6.27 %  in              50.1372s, ~            12.4821m left
 6.81 %  in              52.2719s, ~            11.9279m left
 7.14 %  in              54.2849s, ~            11.7617m left
 7.51 %  in              56.3052s, ~            11.5622m left
 8.01 %  in              58.3789s, ~            11.1723m left
 8.10 %  in              1.00637m, ~            11.4253m left
 8.88 %  in              1.04125m, ~            10.6851m left
 9.19 %  in              1.07537m, ~            10.6291m left
 9.86 %  in              1.10985m, ~            10.1463m left
10.50 %  in               1.1441m, ~            9.74772m left
10.87 %  in              1.17755m, ~            9.65716m left
11.26 %  in              1.21133m, ~            9.54602m left
11.74 %  in              1.24768m, ~            9.38292m left
12.27 %  in              1.28329m, ~            9.17637m left
12.83 %  in              1.31682m, ~            8.94745m left
13.31 %  in               1.3506m, ~            8.80025m left
13.87 %  in              1.38402m, ~            8.59771m left
14.31 %  in              1.41753m, ~            8.48577m left
14.87 %  in               1.4509m, ~            8.30373m left
15.35 %  in              1.48457m, ~            8.18679m left
15.91 %  in              1.51811m, ~            8.02351m left
16.61 %  in              1.55222m, ~            7.79252m left
17.17 %  in              1.58573m, ~            7.64929m left
17.90 %  in              1.61925m, ~            7.42727m left
18.29 %  in              1.65439m, ~            7.39027m left
18.94 %  in              1.68777m, ~            7.22547m left
19.36 %  in              1.72125m, ~            7.17146m left
20.11 %  in              1.75506m, ~            6.97137m left
20.70 %  in              1.78873m, ~            6.85237m left
21.23 %  in              1.82297m, ~            6.76278m left
21.88 %  in              1.85663m, ~            6.63014m left
22.46 %  in              1.89027m, ~            6.52403m left
23.28 %  in              1.92366m, ~            6.34045m left
23.73 %  in              1.95709m, ~             6.2918m left
24.37 %  in              1.99155m, ~            6.18066m left
25.04 %  in              2.02514m, ~            6.06182m left
25.77 %  in              2.05904m, ~            5.93092m left
26.36 %  in              2.09265m, ~            5.84652m left
27.00 %  in               2.1262m, ~            5.74779m left
27.48 %  in              2.15963m, ~            5.69958m left
28.21 %  in              2.19387m, ~            5.58379m left
29.05 %  in              2.22728m, ~            5.44041m left
29.58 %  in              2.26088m, ~            5.38243m left
30.28 %  in              2.29427m, ~            5.28255m left
30.84 %  in              2.32879m, ~            5.22232m left
31.82 %  in              2.36295m, ~            5.06287m left
32.46 %  in              2.39722m, ~            4.98679m left
33.22 %  in              2.43078m, ~            4.88616m left
33.87 %  in              2.46417m, ~            4.81216m left
34.65 %  in              2.49767m, ~            4.71065m left
35.46 %  in              2.53147m, ~            4.60703m left
36.13 %  in              2.56507m, ~            4.53361m left
36.50 %  in              2.59855m, ~            4.52103m left
37.48 %  in               2.6324m, ~            4.39127m left
38.15 %  in              2.66605m, ~            4.32206m left
38.88 %  in              2.69957m, ~            4.24384m left
39.72 %  in              2.73298m, ~            4.14766m left
40.39 %  in              2.76652m, ~            4.08262m left
41.20 %  in              2.79992m, ~            3.99526m left
41.82 %  in              2.83355m, ~            3.94192m left
42.61 %  in              2.86711m, ~             3.8624m left
43.39 %  in              2.90139m, ~            3.78548m left
44.15 %  in              2.93487m, ~            3.71328m left
44.85 %  in              2.96848m, ~            3.65081m left
45.69 %  in              3.00202m, ~            3.56893m left
46.50 %  in              3.03632m, ~            3.49359m left
47.25 %  in              3.06967m, ~            3.42631m left
47.96 %  in              3.10388m, ~            3.36858m left
48.82 %  in              3.13743m, ~            3.28864m left
49.75 %  in              3.17116m, ~             3.2033m left
50.39 %  in              3.20512m, ~            3.15523m left
51.20 %  in               3.2387m, ~            3.08633m left
51.85 %  in              3.27258m, ~            3.03921m left
52.75 %  in              3.30629m, ~            2.96214m left
53.78 %  in               3.3397m, ~            2.87006m left
54.43 %  in              3.37382m, ~            2.82512m left
55.32 %  in              3.40765m, ~              2.752m left
56.19 %  in               3.4413m, ~            2.68305m left
57.06 %  in              3.47622m, ~            2.61612m left
57.87 %  in              3.50977m, ~            2.55503m left
58.80 %  in              3.54334m, ~            2.48321m left
59.83 %  in              3.57807m, ~            2.40213m left
60.53 %  in               3.6121m, ~            2.35514m left
61.43 %  in              3.64578m, ~            2.28921m left
62.61 %  in              3.67949m, ~            2.19782m left
63.53 %  in              3.71302m, ~            2.13155m left
64.17 %  in              3.74645m, ~            2.09153m left
65.27 %  in              3.78018m, ~            2.01177m left
66.02 %  in              3.81375m, ~             1.9627m left
66.97 %  in               3.8477m, ~             1.8973m left
68.04 %  in              3.88113m, ~            1.82312m left
68.82 %  in              3.91467m, ~            1.77331m left
69.64 %  in              3.94823m, ~             1.7216m left
70.62 %  in               3.9816m, ~            1.65676m left
71.51 %  in                4.015m, ~             1.5994m left
72.35 %  in              4.04868m, ~            1.54706m left
73.25 %  in              4.08237m, ~            1.49088m left
74.23 %  in              4.11574m, ~            1.42886m left
75.24 %  in              4.14921m, ~            1.36556m left
75.99 %  in              4.18261m, ~            1.32123m left
76.95 %  in              4.21615m, ~            1.26316m left
77.98 %  in              4.24995m, ~            1.19988m left
78.85 %  in              4.28438m, ~             1.1491m left
79.92 %  in              4.31845m, ~            1.08529m left
81.04 %  in               4.3519m, ~             1.0184m left
81.88 %  in              4.38558m, ~            58.2443s left
82.83 %  in              4.41922m, ~            54.9675s left
83.84 %  in               4.4528m, ~            51.5055s left
84.93 %  in              4.48631m, ~            47.7632s left
85.94 %  in              4.51985m, ~            44.3735s left
86.97 %  in               4.5532m, ~            40.9128s left
88.10 %  in              4.58683m, ~            37.1905s left
89.13 %  in              4.62041m, ~            33.8037s left
90.17 %  in              4.65395m, ~             30.448s left
91.34 %  in              4.68759m, ~            26.6507s left
92.24 %  in              4.72109m, ~            23.8277s left
93.39 %  in              4.75521m, ~            20.1961s left
94.48 %  in               4.7887m, ~             16.781s left
95.60 %  in              4.82207m, ~            13.3091s left
96.72 %  in              4.85548m, ~            9.87127s left
97.76 %  in              4.88922m, ~            6.72443s left
98.96 %  in              4.92294m, ~            3.09338s left
99.97 %  in              4.95778m, ~           83.3474ms left
 
.. >>>>> [ WALL TIME:      424.059500 s ] [ CPU  TIME:    23100.424781 s ] <<<<< ..
 
* Number of generators                                        3569
 
.. >>>>> [ WALL TIME:      424.214000 s ] [ CPU  TIME:    23103.946357 s ] <<<<< ..
 

Davidson Diagonalization
------------------------

* Number of states                                               1
* Number of states in diagonalization                           20
* Number of determinants                                   2000000

===== ================ =========== ===========
 Iter      Energy          S^2      Residual
===== ================ =========== ===========
   1  -1561.5821462796    0.016671   0.605E-01
   2  -1561.8505893640    0.019052   0.147E-01
   3  -1561.8708116260    0.018191   0.286E-02
   4  -1561.8757748425    0.016673   0.917E-03
   5  -1561.8777772059    0.015313   0.408E-03
   6  -1561.8787914412    0.014282   0.149E-03
   7  -1561.8791678389    0.013895   0.487E-04
   8  -1561.8792762380    0.013688   0.130E-04
   9  -1561.8793046789    0.013627   0.332E-05
===== ================ =========== ===========

 
.. >>>>> [ WALL TIME:     2154.886200 s ] [ CPU  TIME:    57534.407906 s ] <<<<< ..
 
 
.. >>>>> [ WALL TIME:     2154.948900 s ] [ CPU  TIME:    57535.571116 s ] <<<<< ..
 
* Energy of state    1                              -1561.879304678899    
* S^2 of state    1                                 0.1362660935056899E-01
Wall time : 35.9743m

