2016-12-03 21:37:41.364838+01:00
===============
Quantum Package
===============

Git Commit: Update README
Git Date  : Fri Dec 2 16:42:03 2016 +0100
Git SHA1  : 42967fb46a855bf099fcf9f7237c6ddc5437e3b7


Task server running : tcp://172.20.100.2:41279
--------------------------------------------------------------------------------
* Dimension of the psi arrays                               300000
* Number of determinants                                    300000
* mo_tot_num                                                   126
 AO map initialized :               47341315
 Providing the AO integrals
--------------------------------------------------------------------------------
 
.. >>>>> [ WALL TIME:        1.836200 s ] [ CPU  TIME:       57.259453 s ] <<<<< ..
 

Nuclear Coordinates (Angstroms)
===============================

================ ============ ============ ============ ============
      Atom          Charge          X            Y            Z 
================ ============ ============ ============ ============
Fe                  26.000000     0.000000     0.000000     0.000000
O                    8.000000     0.901490     0.901490    -0.901490
O                    8.000000     0.901490    -0.901490     0.901490
O                    8.000000    -0.901490     0.901490     0.901490
O                    8.000000    -0.901490    -0.901490    -0.901490
================ ============ ============ ============ ============

 0.01 %  in             634.236ms, ~             1.7142h left
16.00 %  in              2.63574s, ~            13.8372s left
31.11 %  in              4.64895s, ~            10.2962s left
50.07 %  in              6.66227s, ~            6.64449s left
73.97 %  in              8.67383s, ~            3.05235s left
 Sorting the map
 AO integrals provided:
  Size of AO map :            553.4449     MB
  Number of AO integrals :              44442198
  cpu  time :   361.794248000000      s
  wall time :   11.0451000000030      s  ( x    32.7560862282733       )
 MO map initialized
 i
 |++++++++++++++++++++++++++++++++++++++++++++++++++++++++++++++++++++++++++++++
 ++++++++++++++++++++++++++++++++++++++++++++++++--|
 j
 |++++++++++++++++++++++++++++++++++++++++++++++++++++++++++++++++++++++++++++++
 ++++++++++++++++++++++++++++++++++++++++++++++++--|
 k
 |++++++++++++++++++++++++++++++++++++++++++++++++++++++++++++++++++++++++++++++
 ++++++++++++++++++++++++++++++++++++++++++++++++--|
 l
 |++++++++++++++++++++++++++++++++++++++++++++++++++++++++++++++++++++++++++++++
 ++++++++++++++++++++++++++++++++++++++++++++++++--|
 Providing the molecular integrals 
 Buffers :    77.24534     MB / core
  0.7194245     % in    7.50239999999758      s   283.5506     MB
   69.06475     % in    11.9973999999929      s   306.9085     MB
 Molecular integrals provided:
  Size of MO map              306.9085     MB
  Number of MO integrals:               32012001
  cpu  time :   921.610095000000      s
  wall time :   17.2167000000045      s  ( x    53.5300083639582      )
 Providing the mono electronic integrals
 
.. >>>>> [ WALL TIME:       32.104900 s ] [ CPU  TIME:     1470.678809 s ] <<<<< ..
 
* Nuclear repulsion energy                           361.6641604547530    
 
.. >>>>> [ WALL TIME:       32.109600 s ] [ CPU  TIME:     1470.980802 s ] <<<<< ..
 

Davidson Diagonalization
------------------------

* Number of states                                               1
* Number of states in diagonalization                           32
* Number of determinants                                    300000

===== ================ =========== ===========
 Iter      Energy          S^2      Residual
===== ================ =========== ===========
   1  -1561.7313881939    0.023628   0.855E-04
===== ================ =========== ===========

 
.. >>>>> [ WALL TIME:      104.832400 s ] [ CPU  TIME:     5437.726469 s ] <<<<< ..
 
 
.. >>>>> [ WALL TIME:      104.847100 s ] [ CPU  TIME:     5438.020873 s ] <<<<< ..
 
* Energy of state    1                              -1561.731388193904    
* S^2 of state    1                                 0.2362763548110871E-01
 Beginning the selection ...
 N_det          =       300000
 N_states       =            1
 State            1
 PT2            =    1.00000000000000     
 E              =   -1561.73138819390     
 E(before)+PT2  =   -1560.73138819390     
 -----
 
.. >>>>> [ WALL TIME:      104.883700 s ] [ CPU  TIME:     5438.749770 s ] <<<<< ..
 
* Number of generators                                        3674
 
.. >>>>> [ WALL TIME:      104.928500 s ] [ CPU  TIME:     5440.483816 s ] <<<<< ..
 

Davidson Diagonalization
------------------------

* Number of states                                               1
* Number of states in diagonalization                           32
* Number of determinants                                    300000

===== ================ =========== ===========
 Iter      Energy          S^2      Residual
===== ================ =========== ===========
   1  -1561.7313881944    0.023628   0.864E-04
===== ================ =========== ===========

 
.. >>>>> [ WALL TIME:      175.411000 s ] [ CPU  TIME:     9268.048783 s ] <<<<< ..
 
* PT2 Energy denominator                            -1561.731388194420    
 
.. >>>>> [ WALL TIME:      175.430600 s ] [ CPU  TIME:     9268.496409 s ] <<<<< ..
 
* Number of selectors                                         3674
 0.03 %  in              7.62177s, ~            7.77844h left
 0.35 %  in              9.88254s, ~            46.3972m left
 0.54 %  in              12.0295s, ~            36.6399m left
 0.71 %  in              14.0777s, ~            32.9291m left
 1.06 %  in              16.1424s, ~            25.0829m left
 1.39 %  in               18.172s, ~            21.5213m left
 1.74 %  in              20.2035s, ~            18.9987m left
 1.99 %  in              22.2416s, ~            18.2909m left
 2.31 %  in              24.3479s, ~             17.139m left
 2.67 %  in              26.5069s, ~             16.125m left
 3.07 %  in              28.6828s, ~             15.069m left
 3.46 %  in              31.2685s, ~            14.5592m left
 3.81 %  in              33.6648s, ~            14.1673m left
 4.14 %  in              35.7774s, ~            13.8206m left
 4.54 %  in               37.836s, ~            13.2464m left
 4.84 %  in              39.8575s, ~            13.0507m left
 5.17 %  in              42.1697s, ~            12.8914m left
 5.74 %  in              44.2719s, ~            12.1136m left
 6.07 %  in              46.3206s, ~            11.9506m left
 6.48 %  in              48.3765s, ~            11.6436m left
 6.72 %  in              50.4185s, ~            11.6623m left
 6.99 %  in              52.5378s, ~            11.6455m left
 7.62 %  in              54.5518s, ~             11.024m left
 7.81 %  in              56.8498s, ~            11.1851m left
 8.24 %  in              59.0028s, ~            10.9438m left
 8.93 %  in              1.01808m, ~            10.3887m left
 9.33 %  in              1.05966m, ~            10.2939m left
 9.85 %  in              1.09322m, ~            10.0051m left
10.37 %  in              1.12683m, ~             9.7422m left
10.69 %  in              1.16294m, ~             9.7119m left
11.27 %  in              1.19971m, ~            9.44991m left
11.84 %  in              1.23338m, ~            9.18655m left
12.22 %  in              1.26873m, ~            9.11564m left
12.84 %  in              1.30251m, ~            8.83888m left
13.31 %  in              1.33783m, ~            8.71638m left
13.88 %  in              1.37184m, ~            8.51349m left
14.48 %  in              1.40784m, ~            8.31734m left
15.05 %  in              1.44155m, ~            8.13836m left
15.62 %  in              1.47524m, ~            7.96992m left
16.16 %  in              1.50914m, ~            7.82773m left
16.73 %  in              1.54335m, ~            7.67909m left
17.31 %  in              1.57725m, ~            7.53656m left
17.93 %  in              1.61365m, ~            7.38507m left
18.72 %  in              1.64725m, ~            7.15164m left
19.16 %  in              1.68133m, ~            7.09548m left
19.81 %  in              1.71631m, ~            6.94776m left
20.27 %  in              1.75015m, ~            6.88313m left
20.98 %  in              1.78381m, ~            6.71878m left
21.44 %  in              1.81954m, ~            6.66627m left
22.20 %  in              1.85553m, ~            6.50116m left
22.88 %  in              1.88916m, ~            6.36609m left
23.40 %  in              1.92303m, ~            6.29458m left
23.97 %  in              1.95671m, ~            6.20551m left
24.54 %  in              1.99063m, ~            6.11976m left
25.36 %  in              2.02551m, ~            5.96136m left
26.18 %  in              2.05911m, ~            5.80703m left
26.78 %  in              2.09435m, ~            5.72755m left
27.54 %  in              2.12884m, ~            5.60187m left
28.16 %  in               2.1627m, ~            5.51644m left
28.87 %  in              2.19638m, ~            5.41124m left
29.74 %  in               2.2302m, ~             5.2684m left
30.34 %  in              2.26405m, ~            5.19817m left
30.97 %  in               2.2981m, ~            5.12327m left
31.89 %  in              2.33185m, ~            4.98005m left
32.52 %  in              2.36592m, ~            4.91004m left
33.88 %  in              2.43756m, ~            4.75765m left
34.78 %  in              2.47166m, ~            4.63582m left
35.35 %  in              2.50535m, ~            4.58253m left
36.27 %  in              2.54047m, ~            4.46346m left
37.22 %  in              2.57406m, ~            4.34091m left
37.88 %  in              2.60848m, ~            4.27813m left
38.78 %  in              2.64286m, ~            4.17294m left
39.65 %  in              2.67679m, ~            4.07489m left
40.52 %  in              2.71116m, ~            3.98025m left
41.36 %  in              2.74521m, ~            3.89206m left
42.29 %  in              2.77883m, ~            3.79273m left
43.16 %  in              2.81253m, ~            3.70452m left
44.00 %  in              2.84654m, ~            3.62287m left
44.90 %  in              2.88056m, ~            3.53523m left
45.80 %  in              2.91425m, ~            3.44931m left
46.50 %  in              2.94893m, ~            3.39239m left
47.48 %  in              2.98245m, ~            3.29864m left
48.38 %  in              3.01849m, ~            3.22052m left
49.22 %  in              3.05226m, ~            3.14843m left
50.12 %  in              3.08626m, ~            3.07118m left
50.86 %  in              3.12045m, ~            3.01526m left
51.86 %  in              3.15488m, ~            2.92811m left
52.71 %  in              3.18932m, ~            2.86167m left
53.88 %  in              3.22323m, ~            2.75928m left
54.80 %  in              3.25711m, ~            2.68623m left
55.59 %  in              3.29081m, ~            2.62878m left
56.46 %  in              3.32551m, ~            2.56425m left
57.47 %  in              3.35933m, ~            2.48609m left
58.45 %  in              3.39331m, ~            2.41228m left
59.43 %  in               3.4274m, ~            2.33986m left
60.19 %  in              3.46312m, ~            2.29048m left
61.14 %  in              3.49704m, ~            2.22242m left
62.20 %  in              3.53054m, ~             2.1452m left
63.16 %  in              3.56398m, ~            2.07912m left
64.14 %  in              3.59832m, ~            2.01213m left
64.90 %  in              3.63247m, ~            1.96473m left
65.93 %  in              3.66616m, ~            1.89436m left
67.18 %  in              3.70065m, ~            1.80761m left
68.05 %  in              3.73478m, ~            1.75315m left
69.01 %  in              3.76854m, ~            1.69257m left
70.01 %  in              3.80237m, ~            1.62853m left
70.88 %  in              3.83708m, ~            1.57607m left
72.00 %  in              3.87109m, ~            1.50542m left
73.12 %  in              3.90496m, ~            1.43584m left
74.34 %  in              3.93916m, ~            1.35967m left
75.24 %  in              3.97301m, ~            1.30757m left
76.46 %  in              4.00675m, ~            1.23339m left
77.36 %  in              4.04023m, ~            1.18237m left
78.53 %  in              4.07371m, ~            1.11371m left
79.48 %  in              4.10788m, ~            1.06037m left
80.54 %  in              4.14151m, ~             1.0004m left
81.71 %  in               4.1752m, ~            56.0586s left
82.53 %  in              4.21031m, ~            53.4722s left
83.76 %  in              4.24413m, ~            49.3908s left
84.93 %  in              4.27763m, ~            45.5586s left
85.85 %  in              4.31119m, ~            42.6337s left
87.10 %  in              4.34503m, ~            38.6044s left
88.05 %  in              4.37884m, ~            35.6424s left
89.25 %  in              4.41229m, ~            31.8815s left
90.45 %  in              4.44781m, ~            28.1802s left
91.76 %  in              4.48144m, ~            24.1615s left
92.95 %  in              4.51504m, ~            20.5397s left
94.15 %  in              4.54852m, ~            16.9584s left
95.27 %  in              4.58255m, ~            13.6652s left
96.49 %  in              4.61631m, ~            10.0762s left
97.82 %  in              4.65009m, ~            6.20875s left
99.13 %  in              4.68386m, ~            2.46857s left
 
.. >>>>> [ WALL TIME:      458.350400 s ] [ CPU  TIME:    27079.888365 s ] <<<<< ..
 
* Number of generators                                        3674
 
.. >>>>> [ WALL TIME:      458.424500 s ] [ CPU  TIME:    27084.629433 s ] <<<<< ..
 

Davidson Diagonalization
------------------------

* Number of states                                               1
* Number of states in diagonalization                           32
* Number of determinants                                    600000

===== ================ =========== ===========
 Iter      Energy          S^2      Residual
===== ================ =========== ===========
   1  -1561.7313907943    0.023626   0.136E-01
   2  -1561.7834346478    0.017190   0.211E-02
   3  -1561.7855941959    0.016588   0.380E-03
===== ================ =========== ===========

 
.. >>>>> [ WALL TIME:     1157.876200 s ] [ CPU  TIME:    68011.740309 s ] <<<<< ..
 
 
.. >>>>> [ WALL TIME:     1157.903600 s ] [ CPU  TIME:    68012.288391 s ] <<<<< ..
 
* Energy of state    1                              -1561.785594195947    
* S^2 of state    1                                 0.1658770318901694E-01
Wall time : 19.3686m

